2026-10-03 17:29:02+0100: Running with following config:
allowResignation = true
lagBuffer = 1.0
logAllGTPCommunication = true
logDir = gtp_logs
logSearchInfo = true
logSearchInfoForChosenMove = false
logToStderr = false
maxTimePondering = 60.0
maxVisits = 500
numSearchThreads = 6
ponderingEnabled = false
resignConsecTurns = 3
resignThreshold = -0.90
rules = tromp-taylor
searchFactorAfterOnePass = 0.50
searchFactorAfterTwoPass = 0.25
searchFactorWhenWinning = 0.40
searchFactorWhenWinningThreshold = 0.95

2026-10-03 17:29:02+0100: Loading model and initializing benchmark...
2026-10-03 17:29:02+0100: Testing with default positions for board size: 19
2026-10-03 17:29:02+0100: nnRandSeed0 = 14243123128160141286
2026-10-03 17:29:02+0100: After dedups: nnModelFile0 = models/kata1-b18c384nbt-s9996604416-d4316597426.bin.gz useFP16 auto
2026-10-03 17:29:02+0100: Initializing neural net buffer to be size 19 * 19 exactly
2026-10-03 17:29:03+0100: Found OpenCL Platform 0: NVIDIA CUDA (NVIDIA Corporation) (OpenCL 3.0 CUDA 13.1.123)
2026-10-03 17:29:03+0100: Found 1 device(s) on platform 0 with type CPU or GPU or Accelerator
2026-10-03 17:29:03+0100: Found OpenCL Device 0: NVIDIA GeForce RTX 3090 (NVIDIA Corporation) (score 11000300)
2026-10-03 17:29:03+0100: Creating context for OpenCL Platform: NVIDIA CUDA (NVIDIA Corporation) (OpenCL 3.0 CUDA 13.1.123)
2026-10-03 17:29:03+0100: Using OpenCL Device 0: NVIDIA GeForce RTX 3090 (NVIDIA Corporation) OpenCL 3.0 CUDA (Extensions: cl_khr_global_int32_base_atomics cl_khr_global_int32_extended_atomics cl_khr_local_int32_base_atomics cl_khr_local_int32_extended_atomics cl_khr_fp64 cl_khr_3d_image_writes cl_khr_byte_addressable_store cl_khr_icd cl_khr_gl_sharing cl_nv_compiler_options cl_nv_device_attribute_query cl_nv_pragma_unroll cl_nv_d3d10_sharing cl_khr_d3d10_sharing cl_nv_d3d11_sharing cl_nv_copy_opts cl_nv_create_buffer cl_khr_int64_base_atomics cl_khr_int64_extended_atomics cl_khr_device_uuid cl_khr_pci_bus_info cl_khr_external_semaphore cl_khr_external_memory cl_khr_external_semaphore_win32 cl_khr_external_memory_win32 cl_khr_semaphore)
2026-10-03 17:29:03+0100: No existing tuning parameters found or parseable or valid at: D:\ClaudeProjects\KataGo\engine\windows/KataGoData/opencltuning/tune13_gpuNVIDIAGeForceRTX3090_x19_y19_c384_mv14.txt
2026-10-03 17:29:03+0100: Performing autotuning
2026-10-03 17:29:03+0100: *** On some systems, this may take several minutes, please be patient ***
2026-10-03 17:29:03+0100: Found OpenCL Platform 0: NVIDIA CUDA (NVIDIA Corporation) (OpenCL 3.0 CUDA 13.1.123)
2026-10-03 17:29:03+0100: Found 1 device(s) on platform 0 with type CPU or GPU or Accelerator
2026-10-03 17:29:03+0100: Found OpenCL Device 0: NVIDIA GeForce RTX 3090 (NVIDIA Corporation) (score 11000300)
2026-10-03 17:29:03+0100: Creating context for OpenCL Platform: NVIDIA CUDA (NVIDIA Corporation) (OpenCL 3.0 CUDA 13.1.123)
2026-10-03 17:29:03+0100: Using OpenCL Device 0: NVIDIA GeForce RTX 3090 (NVIDIA Corporation) OpenCL 3.0 CUDA (Extensions: cl_khr_global_int32_base_atomics cl_khr_global_int32_extended_atomics cl_khr_local_int32_base_atomics cl_khr_local_int32_extended_atomics cl_khr_fp64 cl_khr_3d_image_writes cl_khr_byte_addressable_store cl_khr_icd cl_khr_gl_sharing cl_nv_compiler_options cl_nv_device_attribute_query cl_nv_pragma_unroll cl_nv_d3d10_sharing cl_khr_d3d10_sharing cl_nv_d3d11_sharing cl_nv_copy_opts cl_nv_create_buffer cl_khr_int64_base_atomics cl_khr_int64_extended_atomics cl_khr_device_uuid cl_khr_pci_bus_info cl_khr_external_semaphore cl_khr_external_memory cl_khr_external_semaphore_win32 cl_khr_external_memory_win32 cl_khr_semaphore)
2026-10-03 17:29:03+0100: Dummy tuning thread starting
2026-10-03 17:29:03+0100: Creating context for OpenCL Platform: NVIDIA CUDA (NVIDIA Corporation) (OpenCL 3.0 CUDA 13.1.123)
2026-10-03 17:29:03+0100: Using OpenCL Device 0: NVIDIA GeForce RTX 3090 (NVIDIA Corporation) OpenCL 3.0 CUDA (Extensions: cl_khr_global_int32_base_atomics cl_khr_global_int32_extended_atomics cl_khr_local_int32_base_atomics cl_khr_local_int32_extended_atomics cl_khr_fp64 cl_khr_3d_image_writes cl_khr_byte_addressable_store cl_khr_icd cl_khr_gl_sharing cl_nv_compiler_options cl_nv_device_attribute_query cl_nv_pragma_unroll cl_nv_d3d10_sharing cl_khr_d3d10_sharing cl_nv_d3d11_sharing cl_nv_copy_opts cl_nv_create_buffer cl_khr_int64_base_atomics cl_khr_int64_extended_atomics cl_khr_device_uuid cl_khr_pci_bus_info cl_khr_external_semaphore cl_khr_external_memory cl_khr_external_semaphore_win32 cl_khr_external_memory_win32 cl_khr_semaphore)
2026-10-03 17:30:39+0100: Tuning dummy thread numeric total: 5.57572e+09
2026-10-03 17:30:39+0100: Done tuning, saved results to D:\ClaudeProjects\KataGo\engine\windows/KataGoData/opencltuning/tune13_gpuNVIDIAGeForceRTX3090_x19_y19_c384_mv14.txt
2026-10-03 17:30:41+0100: OpenCL backend thread 0: Model version 14
2026-10-03 17:30:41+0100: OpenCL backend thread 0: Model name: kata1-b18c384nbt-s9996604416-d4316597426 (nbt convnet, 26326985 params)
2026-10-03 17:30:42+0100: OpenCL backend thread 0: FP16Storage true FP16Compute false FP16TensorCores true FP16TensorCoresFor1x1 true
2026-10-03 17:30:42+0100: Loaded config windows/default_gtp.cfg
2026-10-03 17:30:42+0100: Loaded model models/kata1-b18c384nbt-s9996604416-d4316597426.bin.gz
2026-10-03 17:31:11+0100: GPU -1 finishing, processed 36441 rows 3754 batches
